<html>
<body>
<pre>
<h1>µVision Build Log</h1>
<h2>Tool Versions:</h2>
IDE-Version: ¦ÌVision V5.27.0.0
Copyright (C) 2018 ARM Ltd and ARM Germany GmbH. All rights reserved.
License Information: l zp, ;y, LIC=QF82M-XQFPB-JJA6S-LJWA2-FQ864-R50SE
 
Tool Versions:
Toolchain:       MDK-ARM Plus  Version: 5.27.0.0
Toolchain Path:  C:\Keil_v5\ARM\ARMCC\Bin
C Compiler:      Armcc.exe V5.06 update 6 (build 750)
Assembler:       Armasm.exe V5.06 update 6 (build 750)
Linker/Locator:  ArmLink.exe V5.06 update 6 (build 750)
Library Manager: ArmAr.exe V5.06 update 6 (build 750)
Hex Converter:   FromElf.exe V5.06 update 6 (build 750)
CPU DLL:         SARMCM3.DLL V5.27.0.0
Dialog DLL:      DCM.DLL V1.17.2.0
Target DLL:      UL2CM3.DLL V1.162.7.0
Dialog DLL:      TCM.DLL V1.36.1.0
 
<h2>Project:</h2>
D:\1-WorkRoot\opensource\X-TRACK-Âë±í\Software\X-Track\MDK-ARM\proj.uvprojx
Project File Date:  07/30/2022

<h2>Output:</h2>
*** Using Compiler 'V5.06 update 6 (build 750)', folder: 'C:\Keil_v5\ARM\ARMCC\Bin'
*** Warning: You are compiling one or more files of source type C++ and have selected 'use MicroLIB'. MicroLIB does not support C++!
  
Build target 'X-Track'
compiling DP_MAG.cpp...
compiling DP_GPS.cpp...
compiling DP_Clock.cpp...
compiling DP_IMU.cpp...
compiling DataProc.cpp...
compiling DP_Storage.cpp...
compiling DP_SportStatus.cpp...
compiling App.cpp...
compiling DP_Power.cpp...
compiling DP_MusicPlayer.cpp...
compiling DP_TzConv.cpp...
compiling DP_SysConfig.cpp...
compiling StartUpModel.cpp...
compiling DP_TrackFilter.cpp...
compiling StartUpView.cpp...
compiling StartUp.cpp...
compiling AppFactory.cpp...
compiling StatusBar.cpp...
compiling main.cpp...
compiling Dialplate.cpp...
compiling DialplateModel.cpp...
compiling DialplateView.cpp...
compiling LiveMapModel.cpp...
compiling SystemInfosModel.cpp...
compiling DP_Recorder.cpp...
compiling LiveMap.cpp...
compiling TemplateModel.cpp...
compiling SystemInfosView.cpp...
compiling LiveMapView.cpp...
compiling TemplateView.cpp...
compiling Template.cpp...
compiling ResourcePool.cpp...
compiling font_bahnschrift_13.c...
compiling font_bahnschrift_32.c...
compiling font_bahnschrift_17.c...
compiling font_bahnschrift_65.c...
compiling font_agencyb_36.c...
compiling img_src_gps_arrow.c...
compiling img_src_gps_pin.c...
compiling img_src_alarm.c...
compiling img_src_locate.c...
compiling img_src_battery.c...
compiling img_src_menu.c...
compiling img_src_origin_point.c...
compiling img_src_satellite.c...
compiling img_src_stop.c...
compiling img_src_trip.c...
compiling img_src_pause.c...
compiling img_src_start.c...
compiling img_src_battery_info.c...
compiling img_src_bicycle.c...
compiling img_src_compass.c...
compiling img_src_gyroscope.c...
compiling img_src_storage.c...
compiling img_src_map_location.c...
compiling img_src_system_info.c...
compiling img_src_time_info.c...
compiling img_src_sd_card.c...
compiling MapConv.cpp...
compiling lv_label_anim_effect.cpp...
compiling SystemInfos.cpp...
compiling lv_obj_ext_func.cpp...
compiling lv_anim_timeline_wrapper.c...
compiling GPS_Transform.c...
compiling PingPongBuffer.c...
compiling ResourceManager.cpp...
compiling PM_Anim.cpp...
compiling GPX.cpp...
compiling PM_Drag.cpp...
compiling PM_State.cpp...
compiling GPX_Parser.cpp...
compiling PM_Router.cpp...
compiling DateStrings.cpp...
compiling TonePlayer.cpp...
compiling PM_Base.cpp...
compiling Account.cpp...
compiling TileSystem.cpp...
compiling DataCenter.cpp...
compiling TrackLineFilter.cpp...
compiling TileConv.cpp...
compiling TrackPointFilter.cpp...
compiling Time.cpp...
compiling HAL.cpp...
compiling HAL_Clock.cpp...
compiling HAL_I2C_Scan.cpp...
compiling HAL_GPS.cpp...
compiling HAL_IMU.cpp...
compiling HAL_MAG.cpp...
compiling HAL_Backlight.cpp...
compiling Display.cpp...
compiling DisplayFault.cpp...
compiling lv_event.c...
compiling lv_disp.c...
compiling lv_group.c...
compiling lv_indev.c...
compiling lv_indev_scroll.c...
compiling lv_obj_class.c...
compiling lv_obj.c...
compiling lv_obj_draw.c...
compiling HAL_Buzz.cpp...
compiling HAL_Audio.cpp...
compiling HAL_Encoder.cpp...
compiling HAL_SD_CARD.cpp...
compiling lv_obj_pos.c...
compiling lv_obj_tree.c...
compiling lv_obj_style.c...
compiling lv_obj_scroll.c...
compiling lv_obj_style_gen.c...
compiling HAL_Power.cpp...
compiling lv_refr.c...
compiling lv_theme.c...
compiling lv_draw_arc.c...
compiling lv_draw_triangle.c...
compiling lv_draw_img.c...
compiling lv_draw_line.c...
compiling lv_draw_blend.c...
compiling lv_img_cache.c...
compiling lv_draw_label.c...
compiling lv_draw_mask.c...
compiling lv_img_decoder.c...
compiling lv_img_buf.c...
compiling lv_theme_basic.c...
compiling lv_theme_default.c...
compiling lv_calendar_header_arrow.c...
compiling lv_calendar_header_dropdown.c...
compiling lv_flex.c...
compiling lv_grid.c...
compiling lv_draw_rect.c...
compiling lv_calendar.c...
compiling lv_imgbtn.c...
compiling lv_keyboard.c...
compiling lv_list.c...
compiling lv_colorwheel.c...
compiling lv_led.c...
compiling lv_msgbox.c...
compiling lv_tileview.c...
compiling lv_spinner.c...
compiling StorageService.cpp...
compiling lv_spinbox.c...
compiling lv_font.c...
compiling lv_tabview.c...
compiling lv_extra.c...
compiling lv_win.c...
compiling lv_font_fmt_txt.c...
compiling lv_font_dejavu_16_persian_hebrew.c...
compiling lv_font_montserrat_8.c...
compiling lv_font_montserrat_10.c...
compiling lv_font_montserrat_12.c...
compiling lv_font_loader.c...
compiling lv_font_montserrat_12_subpx.c...
compiling lv_font_montserrat_14.c...
compiling lv_font_montserrat_16.c...
compiling lv_font_montserrat_18.c...
compiling lv_font_montserrat_20.c...
compiling lv_font_montserrat_24.c...
compiling lv_font_montserrat_22.c...
compiling lv_font_montserrat_26.c...
compiling lv_font_montserrat_28_compressed.c...
compiling lv_font_montserrat_28.c...
compiling lv_font_montserrat_30.c...
compiling lv_font_montserrat_32.c...
compiling lv_font_montserrat_34.c...
compiling lv_font_montserrat_36.c...
compiling lv_font_montserrat_38.c...
compiling lv_font_montserrat_40.c...
compiling lv_font_montserrat_42.c...
compiling lv_font_montserrat_44.c...
compiling lv_font_montserrat_46.c...
compiling lv_font_montserrat_48.c...
compiling lv_font_unscii_8.c...
compiling lv_font_simsun_16_cjk.c...
compiling lv_hal_indev.c...
compiling lv_anim_timeline.c...
compiling lv_async.c...
compiling lv_font_unscii_16.c...
compiling lv_anim.c...
compiling lv_area.c...
compiling lv_hal_disp.c...
compiling lv_bidi.c...
compiling lv_color.c...
compiling lv_fs.c...
compiling lv_gc.c...
compiling lv_log.c...
compiling lv_ll.c...
compiling lv_math.c...
compiling lv_mem.c...
compiling lv_templ.c...
compiling lv_style.c...
compiling lv_hal_tick.c...
compiling lv_timer.c...
compiling lv_txt_ap.c...
compiling lv_style_gen.c...
compiling lv_printf.c...
compiling lv_utils.c...
compiling lv_txt.c...
compiling lv_tlsf.c...
compiling lv_btn.c...
compiling lv_bar.c...
compiling lv_objx_templ.c...
compiling lv_arc.c...
compiling lv_checkbox.c...
compiling lv_line.c...
compiling lv_img.c...
compiling lv_dropdown.c...
compiling lv_btnmatrix.c...
compiling lv_canvas.c...
compiling lv_roller.c...
compiling lv_switch.c...
compiling lv_label.c...
compiling lv_slider.c...
compiling lv_snapshot.c...
compiling lv_table.c...
compiling lv_textarea.c...
compiling lv_animimg.c...
compiling lv_meter.c...
compiling lv_span.c...
compiling lv_chart.c...
compiling StackInfo.c...
compiling LIS3MDL.cpp...
compiling Adafruit_ST7789.cpp...
compiling LSM6DSM.cpp...
compiling ButtonEvent.cpp...
compiling lv_port_indev.cpp...
compiling lv_port_disp.cpp...
compiling TinyGPS++.cpp...
compiling FmtNumber.cpp...
compiling lv_fs_sdfat.cpp...
compiling FatFileLFN.cpp...
compiling Adafruit_GFX.cpp...
compiling FatFile.cpp...
compiling FatFileSFN.cpp...
compiling FatVolume.cpp...
compiling fstream.cpp...
compiling SdSpiCardEX.cpp...
compiling SdSpiSTM32.cpp...
compiling MinimumSerial.cpp...
compiling ostream.cpp...
compiling FatFilePrint.cpp...
compiling istream.cpp...
compiling SdSpiCard.cpp...
compiling StdioStream.cpp...
compiling dtostrf.c...
compiling itoa.c...
compiling cm_backtrace.c...
compiling Print.cpp...
compiling WMath.cpp...
compiling WString.cpp...
compiling Arduino.c...
compiling adc.c...
compiling delay.c...
compiling HardwareSerial.cpp...
compiling gpio.c...
compiling exti.c...
compiling Wire.cpp...
compiling Tone.cpp...
compiling WireBase.cpp...
compiling Stream.cpp...
compiling SPI.cpp...
compiling extend_SRAM.c...
compiling at32f4xx_acc.c...
compiling at32f4xx_bkp.c...
compiling at32f4xx_comp.c...
compiling system_at32f4xx.c...
compiling rtc.c...
compiling at32f4xx_crc.c...
compiling timer.c...
compiling at32f4xx_adc.c...
compiling pwm.c...
compiling at32f4xx_can.c...
compiling at32f4xx_dbgmcu.c...
compiling at32f4xx_dac.c...
compiling at32f4xx_ertc.c...
compiling at32f4xx_dma.c...
compiling at32f4xx_eth.c...
compiling at32f4xx_exti.c...
compiling at32f4xx_iwdg.c...
compiling at32f4xx_gpio_ex.c...
compiling at32f4xx_i2c.c...
compiling at32f4xx_gpio.c...
compiling at32f4xx_flash.c...
compiling at32f4xx_pwr.c...
compiling at32f4xx_rtc.c...
compiling at32f4xx_syscfg.c...
compiling at32f4xx_sdio.c...
compiling at32f4xx_spi.c...
compiling at32f4xx_rcc.c...
compiling at32f4xx_usart.c...
compiling at32f4xx_wwdg.c...
compiling misc.c...
compiling at32f4xx_xmc.c...
compiling at32f4xx_tim.c...
linking...
Program Size: Code=174132 RO-data=99680 RW-data=712 ZI-data=189648  
FromELF: creating hex file...
".\Objects\X-Track.axf" - 0 Error(s), 0 Warning(s).

<h2>Software Packages used:</h2>

Package Vendor: ArteryTek
                
                ArteryTek.AT32F403A_407_DFP.2.1.1
                ArteryTek AT32F403A_407 Series Device Support,Drivers

<h2>Collection of Component include folders:</h2>
  .\RTE\_X-Track
  C:\Keil_v5\ARM\PACK\ArteryTek\AT32F403A_407_DFP\2.1.1\Device\Include

<h2>Collection of Component Files used:</h2>
Build Time Elapsed:  00:00:22
</pre>
</body>
</html>
